1!<clinit>:()V@Point
1!<init>:()V@Point
8!clone:(LPoint;)V@Point
11!clone:(LPoint;)V@Point
23!clone:(LPoint;)V@Point
26!clone:(LPoint;)V@Point
38!clone:(LPoint;)V@Point
43!clone:(LPoint;)V@Point
56!clone:(LPoint;)V@Point
61!clone:(LPoint;)V@Point
10!distance:(LPoint;)Ljava/lang/Float;@Point
139!distance:(LPoint;)Ljava/lang/Float;@Point
146!distance:(LPoint;)Ljava/lang/Float;@Point
154!distance:(LPoint;)Ljava/lang/Float;@Point
161!distance:(LPoint;)Ljava/lang/Float;@Point
166!distance:(LPoint;)Ljava/lang/Float;@Point
178!distance:(LPoint;)Ljava/lang/Float;@Point
185!distance:(LPoint;)Ljava/lang/Float;@Point
193!distance:(LPoint;)Ljava/lang/Float;@Point
200!distance:(LPoint;)Ljava/lang/Float;@Point
209!distance:(LPoint;)Ljava/lang/Float;@Point
216!distance:(LPoint;)Ljava/lang/Float;@Point
224!distance:(LPoint;)Ljava/lang/Float;@Point
231!distance:(LPoint;)Ljava/lang/Float;@Point
237!distance:(LPoint;)Ljava/lang/Float;@Point
25!distance:(LPoint;)Ljava/lang/Float;@Point
32!distance:(LPoint;)Ljava/lang/Float;@Point
40!distance:(LPoint;)Ljava/lang/Float;@Point
47!distance:(LPoint;)Ljava/lang/Float;@Point
56!distance:(LPoint;)Ljava/lang/Float;@Point
63!distance:(LPoint;)Ljava/lang/Float;@Point
71!distance:(LPoint;)Ljava/lang/Float;@Point
78!distance:(LPoint;)Ljava/lang/Float;@Point
84!distance:(LPoint;)Ljava/lang/Float;@Point
96!distance:(LPoint;)Ljava/lang/Float;@Point
103!distance:(LPoint;)Ljava/lang/Float;@Point
111!distance:(LPoint;)Ljava/lang/Float;@Point
118!distance:(LPoint;)Ljava/lang/Float;@Point
123!distance:(LPoint;)Ljava/lang/Float;@Point
4!main:([Ljava/lang/String;)V@TestCase
14!main:([Ljava/lang/String;)V@TestCase
32!main:([Ljava/lang/String;)V@TestCase
42!main:([Ljava/lang/String;)V@TestCase
64!main:([Ljava/lang/String;)V@TestCase
76!main:([Ljava/lang/String;)V@TestCase
83!main:([Ljava/lang/String;)V@TestCase
