T0!<clinit>:()V@Point
R0!<init>:()V@Point
R0!clone:(LPoint;)V@Point
R1!clone:(LPoint;)V@Point
T10!clone:(LPoint;)V@Point
T11!clone:(LPoint;)V@Point
T12!clone:(LPoint;)V@Point
R6!clone:(LPoint;)V@Point
T14!clone:(LPoint;)V@Point
T15!clone:(LPoint;)V@Point
T16!clone:(LPoint;)V@Point
R7!clone:(LPoint;)V@Point
T18!clone:(LPoint;)V@Point
T19!clone:(LPoint;)V@Point
T20!clone:(LPoint;)V@Point
R8!clone:(LPoint;)V@Point
T23!clone:(LPoint;)V@Point
T24!clone:(LPoint;)V@Point
T25!clone:(LPoint;)V@Point
R9!clone:(LPoint;)V@Point
R0!distance:(LPoint;)Ljava/lang/Float;@Point
R1!distance:(LPoint;)Ljava/lang/Float;@Point
T16!distance:(LPoint;)Ljava/lang/Float;@Point
R3!distance:(LPoint;)Ljava/lang/Float;@Point
R17!distance:(LPoint;)Ljava/lang/Float;@Point
R18!distance:(LPoint;)Ljava/lang/Float;@Point
T59!distance:(LPoint;)Ljava/lang/Float;@Point
T60!distance:(LPoint;)Ljava/lang/Float;@Point
T61!distance:(LPoint;)Ljava/lang/Float;@Point
T63!distance:(LPoint;)Ljava/lang/Float;@Point
T66!distance:(LPoint;)Ljava/lang/Float;@Point
T68!distance:(LPoint;)Ljava/lang/Float;@Point
R72!distance:(LPoint;)Ljava/lang/Float;@Point
T73!distance:(LPoint;)Ljava/lang/Float;@Point
T74!distance:(LPoint;)Ljava/lang/Float;@Point
T75!distance:(LPoint;)Ljava/lang/Float;@Point
T77!distance:(LPoint;)Ljava/lang/Float;@Point
T80!distance:(LPoint;)Ljava/lang/Float;@Point
T82!distance:(LPoint;)Ljava/lang/Float;@Point
T86!distance:(LPoint;)Ljava/lang/Float;@Point
T88!distance:(LPoint;)Ljava/lang/Float;@Point
T91!distance:(LPoint;)Ljava/lang/Float;@Point
T93!distance:(LPoint;)Ljava/lang/Float;@Point
R98!distance:(LPoint;)Ljava/lang/Float;@Point
T19!distance:(LPoint;)Ljava/lang/Float;@Point
T20!distance:(LPoint;)Ljava/lang/Float;@Point
T21!distance:(LPoint;)Ljava/lang/Float;@Point
T23!distance:(LPoint;)Ljava/lang/Float;@Point
T26!distance:(LPoint;)Ljava/lang/Float;@Point
T28!distance:(LPoint;)Ljava/lang/Float;@Point
T32!distance:(LPoint;)Ljava/lang/Float;@Point
T34!distance:(LPoint;)Ljava/lang/Float;@Point
T37!distance:(LPoint;)Ljava/lang/Float;@Point
T39!distance:(LPoint;)Ljava/lang/Float;@Point
R44!distance:(LPoint;)Ljava/lang/Float;@Point
T45!distance:(LPoint;)Ljava/lang/Float;@Point
T46!distance:(LPoint;)Ljava/lang/Float;@Point
T47!distance:(LPoint;)Ljava/lang/Float;@Point
T49!distance:(LPoint;)Ljava/lang/Float;@Point
T52!distance:(LPoint;)Ljava/lang/Float;@Point
T54!distance:(LPoint;)Ljava/lang/Float;@Point
R58!distance:(LPoint;)Ljava/lang/Float;@Point
R99!distance:(LPoint;)Ljava/lang/Float;@Point
R0!main:([Ljava/lang/String;)V@TestCase
T11!main:([Ljava/lang/String;)V@TestCase
T12!main:([Ljava/lang/String;)V@TestCase
R3!main:([Ljava/lang/String;)V@TestCase
T13!main:([Ljava/lang/String;)V@TestCase
T14!main:([Ljava/lang/String;)V@TestCase
R5!main:([Ljava/lang/String;)V@TestCase
T16!main:([Ljava/lang/String;)V@TestCase
T17!main:([Ljava/lang/String;)V@TestCase
R6!main:([Ljava/lang/String;)V@TestCase
T18!main:([Ljava/lang/String;)V@TestCase
T19!main:([Ljava/lang/String;)V@TestCase
R7!main:([Ljava/lang/String;)V@TestCase
T21!main:([Ljava/lang/String;)V@TestCase
T22!main:([Ljava/lang/String;)V@TestCase
R10!main:([Ljava/lang/String;)V@TestCase
T23!main:([Ljava/lang/String;)V@TestCase
R8!main:([Ljava/lang/String;)V@TestCase
R0!<init>:(F)V@java.lang.Float
R0!floatValue:()F@java.lang.Float
R0!<init>:(I)V@java.lang.Integer
R0!intValue:()I@java.lang.Integer
R0!<init>:()V@java.lang.Object
