4!<clinit>:()V@Coordinate
1!<init>:()V@Coordinate
1!<init>:(Ljava/lang/Float;)V@Coordinate
8!clone:(LCoordinate;)V@Coordinate
11!clone:(LCoordinate;)V@Coordinate
23!clone:(LCoordinate;)V@Coordinate
26!clone:(LCoordinate;)V@Coordinate
38!clone:(LCoordinate;)V@Coordinate
43!clone:(LCoordinate;)V@Coordinate
56!clone:(LCoordinate;)V@Coordinate
61!clone:(LCoordinate;)V@Coordinate
1!distance:(LCoordinate;)Ljava/lang/Float;@Coordinate
11!distance:(LCoordinate;)Ljava/lang/Float;@Coordinate
147!distance:(LCoordinate;)Ljava/lang/Float;@Coordinate
154!distance:(LCoordinate;)Ljava/lang/Float;@Coordinate
162!distance:(LCoordinate;)Ljava/lang/Float;@Coordinate
169!distance:(LCoordinate;)Ljava/lang/Float;@Coordinate
174!distance:(LCoordinate;)Ljava/lang/Float;@Coordinate
193!distance:(LCoordinate;)Ljava/lang/Float;@Coordinate
200!distance:(LCoordinate;)Ljava/lang/Float;@Coordinate
208!distance:(LCoordinate;)Ljava/lang/Float;@Coordinate
215!distance:(LCoordinate;)Ljava/lang/Float;@Coordinate
224!distance:(LCoordinate;)Ljava/lang/Float;@Coordinate
231!distance:(LCoordinate;)Ljava/lang/Float;@Coordinate
239!distance:(LCoordinate;)Ljava/lang/Float;@Coordinate
246!distance:(LCoordinate;)Ljava/lang/Float;@Coordinate
252!distance:(LCoordinate;)Ljava/lang/Float;@Coordinate
26!distance:(LCoordinate;)Ljava/lang/Float;@Coordinate
33!distance:(LCoordinate;)Ljava/lang/Float;@Coordinate
41!distance:(LCoordinate;)Ljava/lang/Float;@Coordinate
48!distance:(LCoordinate;)Ljava/lang/Float;@Coordinate
57!distance:(LCoordinate;)Ljava/lang/Float;@Coordinate
64!distance:(LCoordinate;)Ljava/lang/Float;@Coordinate
72!distance:(LCoordinate;)Ljava/lang/Float;@Coordinate
79!distance:(LCoordinate;)Ljava/lang/Float;@Coordinate
85!distance:(LCoordinate;)Ljava/lang/Float;@Coordinate
104!distance:(LCoordinate;)Ljava/lang/Float;@Coordinate
111!distance:(LCoordinate;)Ljava/lang/Float;@Coordinate
119!distance:(LCoordinate;)Ljava/lang/Float;@Coordinate
126!distance:(LCoordinate;)Ljava/lang/Float;@Coordinate
131!distance:(LCoordinate;)Ljava/lang/Float;@Coordinate
5!returnsOneObjectReference:()LCoordinate;@Coordinate
14!returnsOneObjectReference:()LCoordinate;@Coordinate
23!returnsOneObjectReference:()LCoordinate;@Coordinate
4!main:([Ljava/lang/String;)V@TestCase3
14!main:([Ljava/lang/String;)V@TestCase3
32!main:([Ljava/lang/String;)V@TestCase3
37!main:([Ljava/lang/String;)V@TestCase3
48!main:([Ljava/lang/String;)V@TestCase3
67!main:([Ljava/lang/String;)V@TestCase3
74!main:([Ljava/lang/String;)V@TestCase3
