T0!<clinit>:()V@Coordinate
T1!<clinit>:()V@Coordinate
R0!<init>:()V@Coordinate
R0!<init>:(Ljava/lang/Float;)V@Coordinate
R1!<init>:(Ljava/lang/Float;)V@Coordinate
R0!clone:(LCoordinate;)V@Coordinate
R1!clone:(LCoordinate;)V@Coordinate
T10!clone:(LCoordinate;)V@Coordinate
T11!clone:(LCoordinate;)V@Coordinate
T12!clone:(LCoordinate;)V@Coordinate
R6!clone:(LCoordinate;)V@Coordinate
T14!clone:(LCoordinate;)V@Coordinate
T15!clone:(LCoordinate;)V@Coordinate
T16!clone:(LCoordinate;)V@Coordinate
R7!clone:(LCoordinate;)V@Coordinate
T18!clone:(LCoordinate;)V@Coordinate
T19!clone:(LCoordinate;)V@Coordinate
T20!clone:(LCoordinate;)V@Coordinate
R8!clone:(LCoordinate;)V@Coordinate
T23!clone:(LCoordinate;)V@Coordinate
T24!clone:(LCoordinate;)V@Coordinate
T25!clone:(LCoordinate;)V@Coordinate
R9!clone:(LCoordinate;)V@Coordinate
R0!distance:(LCoordinate;)Ljava/lang/Float;@Coordinate
R1!distance:(LCoordinate;)Ljava/lang/Float;@Coordinate
T17!distance:(LCoordinate;)Ljava/lang/Float;@Coordinate
R4!distance:(LCoordinate;)Ljava/lang/Float;@Coordinate
R18!distance:(LCoordinate;)Ljava/lang/Float;@Coordinate
R19!distance:(LCoordinate;)Ljava/lang/Float;@Coordinate
T62!distance:(LCoordinate;)Ljava/lang/Float;@Coordinate
T63!distance:(LCoordinate;)Ljava/lang/Float;@Coordinate
T64!distance:(LCoordinate;)Ljava/lang/Float;@Coordinate
T66!distance:(LCoordinate;)Ljava/lang/Float;@Coordinate
T69!distance:(LCoordinate;)Ljava/lang/Float;@Coordinate
T71!distance:(LCoordinate;)Ljava/lang/Float;@Coordinate
R75!distance:(LCoordinate;)Ljava/lang/Float;@Coordinate
T76!distance:(LCoordinate;)Ljava/lang/Float;@Coordinate
T77!distance:(LCoordinate;)Ljava/lang/Float;@Coordinate
T78!distance:(LCoordinate;)Ljava/lang/Float;@Coordinate
T79!distance:(LCoordinate;)Ljava/lang/Float;@Coordinate
T81!distance:(LCoordinate;)Ljava/lang/Float;@Coordinate
T84!distance:(LCoordinate;)Ljava/lang/Float;@Coordinate
T86!distance:(LCoordinate;)Ljava/lang/Float;@Coordinate
T90!distance:(LCoordinate;)Ljava/lang/Float;@Coordinate
T92!distance:(LCoordinate;)Ljava/lang/Float;@Coordinate
T95!distance:(LCoordinate;)Ljava/lang/Float;@Coordinate
T97!distance:(LCoordinate;)Ljava/lang/Float;@Coordinate
R102!distance:(LCoordinate;)Ljava/lang/Float;@Coordinate
T21!distance:(LCoordinate;)Ljava/lang/Float;@Coordinate
T22!distance:(LCoordinate;)Ljava/lang/Float;@Coordinate
T23!distance:(LCoordinate;)Ljava/lang/Float;@Coordinate
T25!distance:(LCoordinate;)Ljava/lang/Float;@Coordinate
T28!distance:(LCoordinate;)Ljava/lang/Float;@Coordinate
T30!distance:(LCoordinate;)Ljava/lang/Float;@Coordinate
T34!distance:(LCoordinate;)Ljava/lang/Float;@Coordinate
T36!distance:(LCoordinate;)Ljava/lang/Float;@Coordinate
T39!distance:(LCoordinate;)Ljava/lang/Float;@Coordinate
T41!distance:(LCoordinate;)Ljava/lang/Float;@Coordinate
R46!distance:(LCoordinate;)Ljava/lang/Float;@Coordinate
T47!distance:(LCoordinate;)Ljava/lang/Float;@Coordinate
T48!distance:(LCoordinate;)Ljava/lang/Float;@Coordinate
T49!distance:(LCoordinate;)Ljava/lang/Float;@Coordinate
T50!distance:(LCoordinate;)Ljava/lang/Float;@Coordinate
T52!distance:(LCoordinate;)Ljava/lang/Float;@Coordinate
T55!distance:(LCoordinate;)Ljava/lang/Float;@Coordinate
T57!distance:(LCoordinate;)Ljava/lang/Float;@Coordinate
R61!distance:(LCoordinate;)Ljava/lang/Float;@Coordinate
R103!distance:(LCoordinate;)Ljava/lang/Float;@Coordinate
R0!returnsOneObjectReference:()LCoordinate;@Coordinate
T7!returnsOneObjectReference:()LCoordinate;@Coordinate
T8!returnsOneObjectReference:()LCoordinate;@Coordinate
R4!returnsOneObjectReference:()LCoordinate;@Coordinate
T10!returnsOneObjectReference:()LCoordinate;@Coordinate
T11!returnsOneObjectReference:()LCoordinate;@Coordinate
R5!returnsOneObjectReference:()LCoordinate;@Coordinate
T13!returnsOneObjectReference:()LCoordinate;@Coordinate
T14!returnsOneObjectReference:()LCoordinate;@Coordinate
R6!returnsOneObjectReference:()LCoordinate;@Coordinate
R0!main:([Ljava/lang/String;)V@TestCase3
T10!main:([Ljava/lang/String;)V@TestCase3
T11!main:([Ljava/lang/String;)V@TestCase3
R3!main:([Ljava/lang/String;)V@TestCase3
T12!main:([Ljava/lang/String;)V@TestCase3
T13!main:([Ljava/lang/String;)V@TestCase3
R5!main:([Ljava/lang/String;)V@TestCase3
T15!main:([Ljava/lang/String;)V@TestCase3
T16!main:([Ljava/lang/String;)V@TestCase3
R6!main:([Ljava/lang/String;)V@TestCase3
T17!main:([Ljava/lang/String;)V@TestCase3
R8!main:([Ljava/lang/String;)V@TestCase3
T18!main:([Ljava/lang/String;)V@TestCase3
T19!main:([Ljava/lang/String;)V@TestCase3
R9!main:([Ljava/lang/String;)V@TestCase3
T21!main:([Ljava/lang/String;)V@TestCase3
R7!main:([Ljava/lang/String;)V@TestCase3
R0!<init>:(F)V@java.lang.Float
R0!floatValue:()F@java.lang.Float
R0!intValue:()I@java.lang.Integer
R0!<init>:()V@java.lang.Object
