1!<init>:()V@ComplexEscaping
1!<clinit>:()V@Foo
8!<clinit>:()V@Foo
15!<clinit>:()V@Foo
22!<clinit>:()V@Foo
29!<clinit>:()V@Foo
1!<init>:()V@Foo
5!m1:()V@Foo
24!m1:()V@Foo
37!m1:()V@Foo
5!m2:()V@Foo
24!m2:()V@Foo
37!m2:()V@Foo
5!m3:()V@Foo
24!m3:()V@Foo
37!m3:()V@Foo
5!m4:()V@Foo
24!m4:()V@Foo
5!testEscaping:(Ljava/lang/Integer;LComplexEscaping;LComplexEscaping;)Ljava/lang/Integer;@Foo
15!testEscaping:(Ljava/lang/Integer;LComplexEscaping;LComplexEscaping;)Ljava/lang/Integer;@Foo
25!testEscaping:(Ljava/lang/Integer;LComplexEscaping;LComplexEscaping;)Ljava/lang/Integer;@Foo
35!testEscaping:(Ljava/lang/Integer;LComplexEscaping;LComplexEscaping;)Ljava/lang/Integer;@Foo
45!testEscaping:(Ljava/lang/Integer;LComplexEscaping;LComplexEscaping;)Ljava/lang/Integer;@Foo
55!testEscaping:(Ljava/lang/Integer;LComplexEscaping;LComplexEscaping;)Ljava/lang/Integer;@Foo
73!testEscaping:(Ljava/lang/Integer;LComplexEscaping;LComplexEscaping;)Ljava/lang/Integer;@Foo
100!testEscaping:(Ljava/lang/Integer;LComplexEscaping;LComplexEscaping;)Ljava/lang/Integer;@Foo
5!transitiveEscaping:()Ljava/lang/Integer;@Foo
4!main:([Ljava/lang/String;)V@TestCase2
9!main:([Ljava/lang/String;)V@TestCase2
14!main:([Ljava/lang/String;)V@TestCase2
30!main:([Ljava/lang/String;)V@TestCase2
38!main:([Ljava/lang/String;)V@TestCase2
47!main:([Ljava/lang/String;)V@TestCase2
58!main:([Ljava/lang/String;)V@TestCase2
