NULL_TYPE
<retaddr> (target=null)
ComplexEscaping
Foo
TestCase2
boolean
boolean[]
byte
byte[]
char
char[]
double
double[]
float
float[]
int
int[]
java.io.Serializable
java.lang.ArithmeticException
java.lang.ArrayIndexOutOfBoundsException
java.lang.ArrayStoreException
java.lang.AssertionError
java.lang.Character
java.lang.Class
java.lang.ClassCastException
java.lang.ClassLoader
java.lang.CloneNotSupportedException
java.lang.Cloneable
java.lang.Comparable
java.lang.Error
java.lang.Exception
java.lang.IllegalArgumentException
java.lang.IllegalMonitorStateException
java.lang.IndexOutOfBoundsException
java.lang.Integer
java.lang.Integer$IntegerCache
java.lang.InterruptedException
java.lang.NegativeArraySizeException
java.lang.NullPointerException
java.lang.Number
java.lang.NumberFormatException
java.lang.Object
java.lang.Object[]
java.lang.RuntimeException
java.lang.String
java.lang.StringBuilder
java.lang.String[]
java.lang.System
java.lang.Thread
java.lang.Throwable
java.lang.ref.Finalizer
java.lang.reflect.Constructor
java.lang.reflect.Field
java.lang.reflect.Method
java.util.HashMap
joeq.Class.jq_Array
joeq.Class.jq_Class
joeq.Class.jq_ClassInitializer
joeq.Class.jq_CompiledCode
joeq.Class.jq_DontAlign
joeq.Class.jq_Initializer
joeq.Class.jq_InstanceField
joeq.Class.jq_InstanceMethod
joeq.Class.jq_Member
joeq.Class.jq_Method
joeq.Class.jq_Primitive
joeq.Class.jq_Reference
joeq.Class.jq_StaticField
joeq.Class.jq_StaticMethod
joeq.Class.jq_Type
joeq.ClassLib.ClassLibInterface
joeq.Memory.Address
joeq.Memory.Address[]
joeq.Memory.CodeAddress
joeq.Memory.CodeAddress$CodeAddressFactory
joeq.Memory.HeapAddress
joeq.Memory.HeapAddress$HeapAddressFactory
joeq.Memory.StackAddress
joeq.Memory.StackAddress$StackAddressFactory
joeq.Runtime.BasicReflectionImpl
joeq.Runtime.ObjectTraverser
joeq.Runtime.Reflection
long
long[]
short
short[]
void
