R0!<init>:()V@ComplexEscaping
T3!<clinit>:()V@Foo
T5!<clinit>:()V@Foo
T7!<clinit>:()V@Foo
T9!<clinit>:()V@Foo
T11!<clinit>:()V@Foo
R0!<init>:()V@Foo
R0!m1:()V@Foo
T6!m1:()V@Foo
T7!m1:()V@Foo
R9!m1:()V@Foo
T10!m1:()V@Foo
R11!m1:()V@Foo
T12!m1:()V@Foo
T13!m1:()V@Foo
R15!m1:()V@Foo
T16!m1:()V@Foo
R17!m1:()V@Foo
R0!m2:()V@Foo
T6!m2:()V@Foo
T7!m2:()V@Foo
R9!m2:()V@Foo
T10!m2:()V@Foo
R11!m2:()V@Foo
T12!m2:()V@Foo
T13!m2:()V@Foo
R15!m2:()V@Foo
T16!m2:()V@Foo
R17!m2:()V@Foo
R0!m3:()V@Foo
T6!m3:()V@Foo
T7!m3:()V@Foo
R9!m3:()V@Foo
T10!m3:()V@Foo
R11!m3:()V@Foo
T12!m3:()V@Foo
T13!m3:()V@Foo
R15!m3:()V@Foo
T16!m3:()V@Foo
R17!m3:()V@Foo
R0!m4:()V@Foo
T6!m4:()V@Foo
T7!m4:()V@Foo
R9!m4:()V@Foo
T10!m4:()V@Foo
R11!m4:()V@Foo
T12!m4:()V@Foo
T13!m4:()V@Foo
R15!m4:()V@Foo
T16!m4:()V@Foo
R17!m4:()V@Foo
R0!testEscaping:(Ljava/lang/Integer;LComplexEscaping;LComplexEscaping;)Ljava/lang/Integer;@Foo
R1!testEscaping:(Ljava/lang/Integer;LComplexEscaping;LComplexEscaping;)Ljava/lang/Integer;@Foo
R2!testEscaping:(Ljava/lang/Integer;LComplexEscaping;LComplexEscaping;)Ljava/lang/Integer;@Foo
R3!testEscaping:(Ljava/lang/Integer;LComplexEscaping;LComplexEscaping;)Ljava/lang/Integer;@Foo
T15!testEscaping:(Ljava/lang/Integer;LComplexEscaping;LComplexEscaping;)Ljava/lang/Integer;@Foo
T16!testEscaping:(Ljava/lang/Integer;LComplexEscaping;LComplexEscaping;)Ljava/lang/Integer;@Foo
R7!testEscaping:(Ljava/lang/Integer;LComplexEscaping;LComplexEscaping;)Ljava/lang/Integer;@Foo
T18!testEscaping:(Ljava/lang/Integer;LComplexEscaping;LComplexEscaping;)Ljava/lang/Integer;@Foo
T19!testEscaping:(Ljava/lang/Integer;LComplexEscaping;LComplexEscaping;)Ljava/lang/Integer;@Foo
R8!testEscaping:(Ljava/lang/Integer;LComplexEscaping;LComplexEscaping;)Ljava/lang/Integer;@Foo
T21!testEscaping:(Ljava/lang/Integer;LComplexEscaping;LComplexEscaping;)Ljava/lang/Integer;@Foo
T22!testEscaping:(Ljava/lang/Integer;LComplexEscaping;LComplexEscaping;)Ljava/lang/Integer;@Foo
R9!testEscaping:(Ljava/lang/Integer;LComplexEscaping;LComplexEscaping;)Ljava/lang/Integer;@Foo
T24!testEscaping:(Ljava/lang/Integer;LComplexEscaping;LComplexEscaping;)Ljava/lang/Integer;@Foo
T25!testEscaping:(Ljava/lang/Integer;LComplexEscaping;LComplexEscaping;)Ljava/lang/Integer;@Foo
R10!testEscaping:(Ljava/lang/Integer;LComplexEscaping;LComplexEscaping;)Ljava/lang/Integer;@Foo
T27!testEscaping:(Ljava/lang/Integer;LComplexEscaping;LComplexEscaping;)Ljava/lang/Integer;@Foo
T28!testEscaping:(Ljava/lang/Integer;LComplexEscaping;LComplexEscaping;)Ljava/lang/Integer;@Foo
R30!testEscaping:(Ljava/lang/Integer;LComplexEscaping;LComplexEscaping;)Ljava/lang/Integer;@Foo
T31!testEscaping:(Ljava/lang/Integer;LComplexEscaping;LComplexEscaping;)Ljava/lang/Integer;@Foo
T32!testEscaping:(Ljava/lang/Integer;LComplexEscaping;LComplexEscaping;)Ljava/lang/Integer;@Foo
R12!testEscaping:(Ljava/lang/Integer;LComplexEscaping;LComplexEscaping;)Ljava/lang/Integer;@Foo
T34!testEscaping:(Ljava/lang/Integer;LComplexEscaping;LComplexEscaping;)Ljava/lang/Integer;@Foo
T35!testEscaping:(Ljava/lang/Integer;LComplexEscaping;LComplexEscaping;)Ljava/lang/Integer;@Foo
R13!testEscaping:(Ljava/lang/Integer;LComplexEscaping;LComplexEscaping;)Ljava/lang/Integer;@Foo
T36!testEscaping:(Ljava/lang/Integer;LComplexEscaping;LComplexEscaping;)Ljava/lang/Integer;@Foo
T37!testEscaping:(Ljava/lang/Integer;LComplexEscaping;LComplexEscaping;)Ljava/lang/Integer;@Foo
R38!testEscaping:(Ljava/lang/Integer;LComplexEscaping;LComplexEscaping;)Ljava/lang/Integer;@Foo
R0!transitiveEscaping:()Ljava/lang/Integer;@Foo
T1!transitiveEscaping:()Ljava/lang/Integer;@Foo
T2!transitiveEscaping:()Ljava/lang/Integer;@Foo
R4!transitiveEscaping:()Ljava/lang/Integer;@Foo
R0!main:([Ljava/lang/String;)V@TestCase2
T10!main:([Ljava/lang/String;)V@TestCase2
T11!main:([Ljava/lang/String;)V@TestCase2
R3!main:([Ljava/lang/String;)V@TestCase2
T12!main:([Ljava/lang/String;)V@TestCase2
T13!main:([Ljava/lang/String;)V@TestCase2
R6!main:([Ljava/lang/String;)V@TestCase2
T14!main:([Ljava/lang/String;)V@TestCase2
T15!main:([Ljava/lang/String;)V@TestCase2
R4!main:([Ljava/lang/String;)V@TestCase2
T16!main:([Ljava/lang/String;)V@TestCase2
T17!main:([Ljava/lang/String;)V@TestCase2
R8!main:([Ljava/lang/String;)V@TestCase2
T18!main:([Ljava/lang/String;)V@TestCase2
T19!main:([Ljava/lang/String;)V@TestCase2
R9!main:([Ljava/lang/String;)V@TestCase2
T20!main:([Ljava/lang/String;)V@TestCase2
R0!<init>:(I)V@java.lang.Integer
R0!<init>:()V@java.lang.Object
